[0.050s] Invoking command in '/home/sksuser/arduinobot_ws/build/arduinobot_msgs': /usr/bin/cmake --build /home/sksuser/arduinobot_ws/build/arduinobot_msgs -- -j8 -l8
[0.099s] -- Found ament_cmake: 1.3.12 (/opt/ros/humble/share/ament_cmake/cmake)
[0.390s] -- Found ament_lint_auto: 0.12.14 (/opt/ros/humble/share/ament_lint_auto/cmake)
[0.474s] Error parsing '/home/sksuser/arduinobot_ws/src/arduinobot_msgs/package.xml':
[0.569s] Traceback (most recent call last):
[0.569s]   File "/usr/lib/python3/dist-packages/catkin_pkg/package.py", line 610, in parse_package_string
[0.569s]     root = dom.parseString(data)
[0.569s]   File "/usr/lib/python3.10/xml/dom/minidom.py", line 2000, in parseString
[0.570s]     return expatbuilder.parseString(string)
[0.571s]   File "/usr/lib/python3.10/xml/dom/expatbuilder.py", line 925, in parseString
[0.572s]     return builder.parseString(string)
[0.572s]   File "/usr/lib/python3.10/xml/dom/expatbuilder.py", line 223, in parseString
[0.572s]     parser.Parse(string, True)
[0.572s] xml.parsers.expat.ExpatError: mismatched tag: line 16, column 47
[0.572s] 
[0.573s] During handling of the above exception, another exception occurred:
[0.573s] 
[0.573s] Traceback (most recent call last):
[0.573s]   File "/opt/ros/humble/share/ament_cmake_core/cmake/core/package_xml_2_cmake.py", line 150, in <module>
[0.573s]     main()
[0.573s]   File "/opt/ros/humble/share/ament_cmake_core/cmake/core/package_xml_2_cmake.py", line 53, in main
[0.573s]     raise e
[0.573s]   File "/opt/ros/humble/share/ament_cmake_core/cmake/core/package_xml_2_cmake.py", line 49, in main
[0.573s]     package = parse_package_string(
[0.574s]   File "/usr/lib/python3/dist-packages/catkin_pkg/package.py", line 612, in parse_package_string
[0.574s]     raise InvalidPackage('The manifest contains invalid XML:\n%s' % ex, filename)
[0.574s] catkin_pkg.package.InvalidPackage: Error(s) in package '/home/sksuser/arduinobot_ws/src/arduinobot_msgs/package.xml':
[0.574s] The manifest contains invalid XML:
[0.574s] mismatched tag: line 16, column 47
[0.604s] [31mCMake Error at /opt/ros/humble/share/ament_cmake_core/cmake/core/ament_package_xml.cmake:95 (message):
[0.604s]   execute_process(/usr/bin/python3
[0.604s]   /opt/ros/humble/share/ament_cmake_core/cmake/core/package_xml_2_cmake.py
[0.604s]   /home/sksuser/arduinobot_ws/src/arduinobot_msgs/package.xml
[0.604s]   /home/sksuser/arduinobot_ws/build/arduinobot_msgs/ament_cmake_core/package.cmake)
[0.604s]   returned error code 1
[0.605s] Call Stack (most recent call first):
[0.605s]   /opt/ros/humble/share/ament_cmake_core/cmake/core/ament_package_xml.cmake:49 (_ament_package_xml)
[0.605s]   /opt/ros/humble/share/ament_lint_auto/cmake/ament_lint_auto_find_test_dependencies.cmake:31 (ament_package_xml)
[0.605s]   CMakeLists.txt:23 (ament_lint_auto_find_test_dependencies)
[0.605s] 
[0.605s] [0m
[0.605s] -- Configuring incomplete, errors occurred!
[0.606s] See also "/home/sksuser/arduinobot_ws/build/arduinobot_msgs/CMakeFiles/CMakeOutput.log".
[0.609s] gmake: *** [Makefile:226: cmake_check_build_system] Error 1
[0.650s] Invoked command in '/home/sksuser/arduinobot_ws/build/arduinobot_msgs' returned '2': /usr/bin/cmake --build /home/sksuser/arduinobot_ws/build/arduinobot_msgs -- -j8 -l8
