[0.044s] Invoking command in '/home/sksuser/arduinobot_ws/build/arduinobot_cpp_example': /usr/bin/cmake --build /home/sksuser/arduinobot_ws/build/arduinobot_cpp_example -- -j8 -l8
[0.104s] -- Found ament_cmake: 1.3.12 (/opt/ros/humble/share/ament_cmake/cmake)
[0.370s] -- Found rclcpp: 16.0.14 (/opt/ros/humble/share/rclcpp/cmake)
[0.469s] -- Found rosidl_generator_c: 3.1.7 (/opt/ros/humble/share/rosidl_generator_c/cmake)
[0.481s] -- Found rosidl_adapter: 3.1.7 (/opt/ros/humble/share/rosidl_adapter/cmake)
[0.502s] -- Found rosidl_generator_cpp: 3.1.7 (/opt/ros/humble/share/rosidl_generator_cpp/cmake)
[0.536s] -- Using all available rosidl_typesupport_c: rosidl_typesupport_fastrtps_c;rosidl_typesupport_introspection_c
[0.570s] -- Using all available rosidl_typesupport_cpp: rosidl_typesupport_fastrtps_cpp;rosidl_typesupport_introspection_cpp
[0.674s] -- Found rmw_implementation_cmake: 6.1.2 (/opt/ros/humble/share/rmw_implementation_cmake/cmake)
[0.681s] -- Found rmw_fastrtps_cpp: 6.2.8 (/opt/ros/humble/share/rmw_fastrtps_cpp/cmake)
[0.848s] -- Found OpenSSL: /usr/lib/x86_64-linux-gnu/libcrypto.so (found version "3.0.2")  
[0.890s] -- Found FastRTPS: /opt/ros/humble/include  
[0.956s] -- Using RMW implementation 'rmw_fastrtps_cpp' as default
[0.976s] -- Looking for pthread.h
[1.198s] -- Looking for pthread.h - found
[1.198s] -- Performing Test CMAKE_HAVE_LIBC_PTHREAD
[1.343s] -- Performing Test CMAKE_HAVE_LIBC_PTHREAD - Success
[1.347s] -- Found Threads: TRUE  
[1.478s] -- Found ament_lint_auto: 0.12.14 (/opt/ros/humble/share/ament_lint_auto/cmake)
[1.576s] Error parsing '/home/sksuser/arduinobot_ws/src/arduinobot_cpp_example/package.xml':
[1.679s] Traceback (most recent call last):
[1.679s]   File "/usr/lib/python3/dist-packages/catkin_pkg/package.py", line 610, in parse_package_string
[1.680s]     root = dom.parseString(data)
[1.681s]   File "/usr/lib/python3.10/xml/dom/minidom.py", line 2000, in parseString
[1.681s]     return expatbuilder.parseString(string)
[1.682s]   File "/usr/lib/python3.10/xml/dom/expatbuilder.py", line 925, in parseString
[1.682s]     return builder.parseString(string)
[1.682s]   File "/usr/lib/python3.10/xml/dom/expatbuilder.py", line 223, in parseString
[1.683s]     parser.Parse(string, True)
[1.683s] xml.parsers.expat.ExpatError: mismatched tag: line 12, column 18
[1.683s] 
[1.683s] During handling of the above exception, another exception occurred:
[1.683s] 
[1.684s] Traceback (most recent call last):
[1.684s]   File "/opt/ros/humble/share/ament_cmake_core/cmake/core/package_xml_2_cmake.py", line 150, in <module>
[1.684s]     main()
[1.684s]   File "/opt/ros/humble/share/ament_cmake_core/cmake/core/package_xml_2_cmake.py", line 53, in main
[1.684s]     raise e
[1.685s]   File "/opt/ros/humble/share/ament_cmake_core/cmake/core/package_xml_2_cmake.py", line 49, in main
[1.685s]     package = parse_package_string(
[1.685s]   File "/usr/lib/python3/dist-packages/catkin_pkg/package.py", line 612, in parse_package_string
[1.685s]     raise InvalidPackage('The manifest contains invalid XML:\n%s' % ex, filename)
[1.685s] catkin_pkg.package.InvalidPackage: Error(s) in package '/home/sksuser/arduinobot_ws/src/arduinobot_cpp_example/package.xml':
[1.686s] The manifest contains invalid XML:
[1.686s] mismatched tag: line 12, column 18
[1.713s] [31mCMake Error at /opt/ros/humble/share/ament_cmake_core/cmake/core/ament_package_xml.cmake:95 (message):
[1.713s]   execute_process(/usr/bin/python3
[1.713s]   /opt/ros/humble/share/ament_cmake_core/cmake/core/package_xml_2_cmake.py
[1.714s]   /home/sksuser/arduinobot_ws/src/arduinobot_cpp_example/package.xml
[1.714s]   /home/sksuser/arduinobot_ws/build/arduinobot_cpp_example/ament_cmake_core/package.cmake)
[1.714s]   returned error code 1
[1.714s] Call Stack (most recent call first):
[1.714s]   /opt/ros/humble/share/ament_cmake_core/cmake/core/ament_package_xml.cmake:49 (_ament_package_xml)
[1.714s]   /opt/ros/humble/share/ament_lint_auto/cmake/ament_lint_auto_find_test_dependencies.cmake:31 (ament_package_xml)
[1.714s]   CMakeLists.txt:28 (ament_lint_auto_find_test_dependencies)
[1.715s] 
[1.715s] [0m
[1.715s] -- Configuring incomplete, errors occurred!
[1.715s] See also "/home/sksuser/arduinobot_ws/build/arduinobot_cpp_example/CMakeFiles/CMakeOutput.log".
[1.730s] gmake: *** [Makefile:226: cmake_check_build_system] Error 1
[1.734s] Invoked command in '/home/sksuser/arduinobot_ws/build/arduinobot_cpp_example' returned '2': /usr/bin/cmake --build /home/sksuser/arduinobot_ws/build/arduinobot_cpp_example -- -j8 -l8
