[0.045s] Invoking command in '/home/sksuser/arduinobot_ws/build/arduinobot_msgs': /usr/bin/cmake --build /home/sksuser/arduinobot_ws/build/arduinobot_msgs -- -j8 -l8
[0.098s] -- Found ament_cmake: 1.3.12 (/opt/ros/humble/share/ament_cmake/cmake)
[0.380s] -- Found std_msgs: 4.9.0 (/opt/ros/humble/share/std_msgs/cmake)
[0.470s] -- Found rosidl_generator_c: 3.1.7 (/opt/ros/humble/share/rosidl_generator_c/cmake)
[0.485s] -- Found rosidl_adapter: 3.1.7 (/opt/ros/humble/share/rosidl_adapter/cmake)
[0.507s] -- Found rosidl_generator_cpp: 3.1.7 (/opt/ros/humble/share/rosidl_generator_cpp/cmake)
[0.542s] -- Using all available rosidl_typesupport_c: rosidl_typesupport_fastrtps_c;rosidl_typesupport_introspection_c
[0.582s] -- Using all available rosidl_typesupport_cpp: rosidl_typesupport_fastrtps_cpp;rosidl_typesupport_introspection_cpp
[0.649s] -- Found rosidl_default_generators: 1.2.0 (/opt/ros/humble/share/rosidl_default_generators/cmake)
[1.007s] Error parsing '/home/sksuser/arduinobot_ws/src/arduinobot_msgs/package.xml':
[1.078s] Traceback (most recent call last):
[1.079s]   File "/usr/lib/python3/dist-packages/catkin_pkg/package.py", line 610, in parse_package_string
[1.079s]     root = dom.parseString(data)
[1.079s]   File "/usr/lib/python3.10/xml/dom/minidom.py", line 2000, in parseString
[1.080s]     return expatbuilder.parseString(string)
[1.080s]   File "/usr/lib/python3.10/xml/dom/expatbuilder.py", line 925, in parseString
[1.080s]     return builder.parseString(string)
[1.081s]   File "/usr/lib/python3.10/xml/dom/expatbuilder.py", line 223, in parseString
[1.081s]     parser.Parse(string, True)
[1.081s] xml.parsers.expat.ExpatError: mismatched tag: line 16, column 47
[1.081s] 
[1.081s] During handling of the above exception, another exception occurred:
[1.082s] 
[1.082s] Traceback (most recent call last):
[1.082s]   File "/opt/ros/humble/share/ament_cmake_core/cmake/core/package_xml_2_cmake.py", line 150, in <module>
[1.082s]     main()
[1.082s]   File "/opt/ros/humble/share/ament_cmake_core/cmake/core/package_xml_2_cmake.py", line 53, in main
[1.083s]     raise e
[1.083s]   File "/opt/ros/humble/share/ament_cmake_core/cmake/core/package_xml_2_cmake.py", line 49, in main
[1.083s]     package = parse_package_string(
[1.083s]   File "/usr/lib/python3/dist-packages/catkin_pkg/package.py", line 612, in parse_package_string
[1.083s]     raise InvalidPackage('The manifest contains invalid XML:\n%s' % ex, filename)
[1.083s] catkin_pkg.package.InvalidPackage: Error(s) in package '/home/sksuser/arduinobot_ws/src/arduinobot_msgs/package.xml':
[1.084s] The manifest contains invalid XML:
[1.084s] mismatched tag: line 16, column 47
[1.106s] [31mCMake Error at /opt/ros/humble/share/ament_cmake_core/cmake/core/ament_package_xml.cmake:95 (message):
[1.106s]   execute_process(/usr/bin/python3
[1.106s]   /opt/ros/humble/share/ament_cmake_core/cmake/core/package_xml_2_cmake.py
[1.107s]   /home/sksuser/arduinobot_ws/src/arduinobot_msgs/package.xml
[1.107s]   /home/sksuser/arduinobot_ws/build/arduinobot_msgs/ament_cmake_core/package.cmake)
[1.107s]   returned error code 1
[1.107s] Call Stack (most recent call first):
[1.108s]   /opt/ros/humble/share/ament_cmake_core/cmake/core/ament_package_xml.cmake:49 (_ament_package_xml)
[1.108s]   /opt/ros/humble/share/rosidl_cmake/cmake/rosidl_generate_interfaces.cmake:226 (ament_package_xml)
[1.108s]   CMakeLists.txt:17 (rosidl_generate_interfaces)
[1.108s] 
[1.109s] [0m
[1.109s] -- Configuring incomplete, errors occurred!
[1.109s] See also "/home/sksuser/arduinobot_ws/build/arduinobot_msgs/CMakeFiles/CMakeOutput.log".
[1.116s] gmake: *** [Makefile:226: cmake_check_build_system] Error 1
[1.120s] Invoked command in '/home/sksuser/arduinobot_ws/build/arduinobot_msgs' returned '2': /usr/bin/cmake --build /home/sksuser/arduinobot_ws/build/arduinobot_msgs -- -j8 -l8
